[dotenv@17.2.4] injecting env (2) from .env -- tip: ?뵍 encrypt with Dotenvx: https://dotenvx.com
--- Gemini API ?곌껐 ?뚯뒪???쒖옉 ---
node : ???ㅽ뙣: Gemini 
API ?몄텧 以??ㅻ쪟媛 諛쒖깮?덉
뒿?덈떎.
위치 줄:1 문자:1
+ node test-gemini.js
 > test-output.txt 2>
&1; cat test-output.t
xt
+ ~~~~~~~~~~~~~~~~~~~
~~~~~~~~~~~~~~~~~~~~~
~~
    + CategoryInfo   
           : NotSpe  
  cified: (???ㅽ뙣:    
 Gemini API ?몄텧 以    
??ㅻ쪟媛 諛쒖깮?덉뒿?덈떎    .
:String) [], Re    mo
teException
    + FullyQualified 
   ErrorId : Native  
  CommandError
 
?ㅻ쪟 ?댁슜: [GoogleGener
ativeAI Error]: Error
 fetching from https:
//generativelanguage.
googleapis.com/v1beta
/models/gemini-1.5-fl
ash:generateContent: 
[404 Not Found] model
s/gemini-1.5-flash is
 not found for API ve
rsion v1beta, or is n
ot supported for gene
rateContent. Call Lis
tModels to see the li
st of available model
s and their supported
 methods.
--- ?뚯뒪??醫낅즺 ---
